// Jest Snapshot v1, https://goo.gl/fbAQLP

exports[`ReviewBody should render with the correct items 1`] = `
<ReviewBody
  reviewData={
    Object {
      "age": "18 to 24",
      "chest_size": 51,
      "date": "2017-05-30T13:43:31.055Z",
      "employee": true,
      "from": "South Milfordchester, Wisconsin",
      "from_uk": true,
      "gender": "M",
      "height": "5'0",
      "helpful": 7,
      "hips_size": 33,
      "nickname": "Edyth",
      "product_fit": 1,
      "product_id": 0,
      "product_length": 5,
      "product_quality": 5,
      "rating": 2,
      "received_free_product": false,
      "recommended": true,
      "review_body": "Recusandae provident quod eos autem dolorem facilis voluptatem. Quasi nulla pariatur laboriosam animi praesentium ipsum aliquam maiores porro. Voluptatem architecto odit nostrum fuga accusantium qui. Quia minima soluta voluptatem itaque et illo magnam laboriosam.",
      "review_title": "corrupti tempora provident",
      "size_purchased": "XXS",
      "verified_purchaser": false,
      "waist_size": 31,
    }
  }
>
  <div
    className="review-body"
  >
    <div
      className="review-date"
    >
      05 / 30 / 2017
    </div>
    <div
      className="review-title"
    >
      <b>
        corrupti tempora provident
      </b>
    </div>
    <div>
      Recusandae provident quod eos autem dolorem facilis voluptatem. Quasi nulla pariatur laboriosam animi praesentium ipsum aliquam maiores porro. Voluptatem architecto odit nostrum fuga accusantium qui. Quia minima soluta voluptatem itaque et illo magnam laboriosam.
    </div>
    <div
      className="review-helpful"
    >
      <span
        className="review-helpful-text"
      >
        Was this review helpful?
      </span>
      <span>
        <button
          className="button-thumbs"
        >
          <img
            src="https://i.imgur.com/7RPAVLL.png"
          />
        </button>
      </span>
       
      <span>
        <button
          className="button-thumbs"
        >
          <img
            src="https://i.imgur.com/mip0AGG.png"
          />
        </button>
      </span>
    </div>
  </div>
</ReviewBody>
`;
